Archive member included because of file (symbol)

G:\ARCA\ARM\Practica1\libimgarm.a(imglib_arm.o)
                              ./misc.o (gaussian)

Allocating common symbols
Common symbol       size              file

imagenRGB           0x4               ./main.o
imagenGauss         0x40000           ./main.o
imagenSobel         0x40000           ./main.o
imagenGris          0x40000           ./main.o

Memory Configuration

Name             Origin             Length             Attributes
*default*        0x00000000         0xffffffff

Linker script and memory map

LOAD ./init.o
LOAD ./lena512color.o
LOAD ./main.o
LOAD ./misc.o
LOAD ./time.o
LOAD ./trafo.o
LOAD G:\ARCA\ARM\Practica1\libimgarm.a
START GROUP
LOAD e:/eclipsearm/sourcery-g++-lite-arm-2011.03/bin/../lib/gcc/arm-none-eabi/4.5.2\libgcc.a
LOAD e:/eclipsearm/sourcery-g++-lite-arm-2011.03/bin/../lib/gcc/arm-none-eabi/4.5.2/../../../../arm-none-eabi/lib\libc.a
END GROUP
                0x0c000000                . = 0xc000000

.data           0x0c000000    0xc0088
 *(.data)
 .data          0x0c000000        0x0 ./init.o
 .data          0x0c000000    0xc0000 ./lena512color.o
                0x0c000000                imageLena512
 .data          0x0c0c0000        0x0 ./main.o
 .data          0x0c0c0000        0x0 ./misc.o
 .data          0x0c0c0000        0x0 ./time.o
 .data          0x0c0c0000        0x0 ./trafo.o
 .data          0x0c0c0000        0x0 G:\ARCA\ARM\Practica1\libimgarm.a(imglib_arm.o)
 *(.rodata)
 .rodata        0x0c0c0000       0x88 G:\ARCA\ARM\Practica1\libimgarm.a(imglib_arm.o)

.bss            0x0c0c0088    0xc0004
 *(.bss)
 .bss           0x0c0c0088        0x0 ./init.o
 .bss           0x0c0c0088        0x0 ./lena512color.o
 .bss           0x0c0c0088        0x0 ./main.o
 .bss           0x0c0c0088        0x0 ./misc.o
 .bss           0x0c0c0088        0x0 ./time.o
 .bss           0x0c0c0088        0x0 ./trafo.o
 .bss           0x0c0c0088        0x0 G:\ARCA\ARM\Practica1\libimgarm.a(imglib_arm.o)
 *(COMMON)
 COMMON         0x0c0c0088    0xc0004 ./main.o
                0x0c0c0088                imagenRGB
                0x0c0c008c                imagenGauss
                0x0c10008c                imagenSobel
                0x0c14008c                imagenGris

.text           0x0c18008c      0x57c
 *(.text)
 .text          0x0c18008c       0x14 ./init.o
                0x0c18008c                start
 .text          0x0c1800a0        0x0 ./lena512color.o
 .text          0x0c1800a0       0xd4 ./main.o
                0x0c1800a0                initRGB
                0x0c1800d8                main
 .text          0x0c180174       0xbc ./misc.o
                0x0c180174                rgb2gray
                0x0c1801b4                div16384
                0x0c1801c0                apply_gaussian
 .text          0x0c180230       0xc8 ./time.o
                0x0c180230                timer_init
                0x0c18025c                timer_start
                0x0c1802b0                timer_stop
 .text          0x0c1802f8      0x198 ./trafo.o
                0x0c1802f8                RGB2GrayMatrix
                0x0c1803d0                apply_sobel
 .text          0x0c180490      0x178 G:\ARCA\ARM\Practica1\libimgarm.a(imglib_arm.o)
                0x0c180490                gaussian
                0x0c180544                sobel
                0x0c180604                non_max_sup
                0x0c180608                PROVIDE (end, .)
                0x0c7ff000                PROVIDE (_stack, 0xc7ff000)
OUTPUT(Practica1.elf elf32-littlearm)

.glue_7         0x0c180608        0x0
 .glue_7        0x00000000        0x0 linker stubs

.glue_7t        0x0c180608        0x0
 .glue_7t       0x00000000        0x0 linker stubs

.vfp11_veneer   0x0c180608        0x0
 .vfp11_veneer  0x00000000        0x0 linker stubs

.v4_bx          0x0c180608        0x0
 .v4_bx         0x00000000        0x0 linker stubs

.ARM.attributes
                0x00000000       0x2c
 .ARM.attributes
                0x00000000       0x22 ./init.o
 .ARM.attributes
                0x00000022       0x32 ./lena512color.o
 .ARM.attributes
                0x00000054       0x32 ./main.o
 .ARM.attributes
                0x00000086       0x22 ./misc.o
 .ARM.attributes
                0x000000a8       0x32 ./time.o
 .ARM.attributes
                0x000000da       0x32 ./trafo.o
 .ARM.attributes
                0x0000010c       0x30 G:\ARCA\ARM\Practica1\libimgarm.a(imglib_arm.o)

.comment        0x00000000       0x3b
 .comment       0x00000000       0x2a ./lena512color.o
                                 0x2b (size before relaxing)
 .comment       0x00000000       0x2b ./main.o
 .comment       0x00000000       0x2b ./time.o
 .comment       0x00000000       0x2b ./trafo.o
 .comment       0x0000002a       0x11 G:\ARCA\ARM\Practica1\libimgarm.a(imglib_arm.o)
                                 0x12 (size before relaxing)

.debug_line     0x00000000      0x4de
 .debug_line    0x00000000       0x3e ./init.o
 .debug_line    0x0000003e       0x47 ./lena512color.o
 .debug_line    0x00000085      0x2fc ./main.o
 .debug_line    0x00000381       0x69 ./misc.o
 .debug_line    0x000003ea       0x51 ./time.o
 .debug_line    0x0000043b       0xa3 ./trafo.o

.debug_info     0x00000000      0x4bd
 .debug_info    0x00000000       0x6e ./init.o
 .debug_info    0x0000006e       0x5d ./lena512color.o
 .debug_info    0x000000cb      0x1ce ./main.o
 .debug_info    0x00000299       0x51 ./misc.o
 .debug_info    0x000002ea       0x74 ./time.o
 .debug_info    0x0000035e      0x15f ./trafo.o

.debug_abbrev   0x00000000      0x26d
 .debug_abbrev  0x00000000       0x14 ./init.o
 .debug_abbrev  0x00000014       0x44 ./lena512color.o
 .debug_abbrev  0x00000058       0xe5 ./main.o
 .debug_abbrev  0x0000013d       0x14 ./misc.o
 .debug_abbrev  0x00000151       0x4d ./time.o
 .debug_abbrev  0x0000019e       0xcf ./trafo.o

.debug_aranges  0x00000000       0xa0
 .debug_aranges
                0x00000000       0x20 ./init.o
 .debug_aranges
                0x00000020       0x20 ./main.o
 .debug_aranges
                0x00000040       0x20 ./misc.o
 .debug_aranges
                0x00000060       0x20 ./time.o
 .debug_aranges
                0x00000080       0x20 ./trafo.o

.debug_macinfo  0x00000000     0xaf62
 .debug_macinfo
                0x00000000     0x210e ./lena512color.o
 .debug_macinfo
                0x0000210e     0x4b89 ./main.o
 .debug_macinfo
                0x00006c97     0x219d ./time.o
 .debug_macinfo
                0x00008e34     0x212e ./trafo.o

.debug_pubnames
                0x00000000       0xfc
 .debug_pubnames
                0x00000000       0x23 ./lena512color.o
 .debug_pubnames
                0x00000023       0x64 ./main.o
 .debug_pubnames
                0x00000087       0x40 ./time.o
 .debug_pubnames
                0x000000c7       0x35 ./trafo.o

.debug_str      0x00000000      0x1b9
 .debug_str     0x00000000       0x7d ./lena512color.o
                                 0x8a (size before relaxing)
 .debug_str     0x0000007d       0xca ./main.o
                                0x12a (size before relaxing)
 .debug_str     0x00000147       0x2c ./time.o
                                 0x61 (size before relaxing)
 .debug_str     0x00000173       0x46 ./trafo.o
                                 0x9f (size before relaxing)

.debug_loc      0x00000000      0x134
 .debug_loc     0x00000000       0x58 ./main.o
 .debug_loc     0x00000058       0x84 ./time.o
 .debug_loc     0x000000dc       0x58 ./trafo.o

.debug_pubtypes
                0x00000000       0x60
 .debug_pubtypes
                0x00000000       0x30 ./main.o
 .debug_pubtypes
                0x00000030       0x30 ./trafo.o

.debug_frame    0x00000000      0x118
 .debug_frame   0x00000000       0x50 ./main.o
 .debug_frame   0x00000050       0x70 ./time.o
 .debug_frame   0x000000c0       0x58 ./trafo.o
